============================= test session starts =============================
platform win32 -- Python 3.13.9, pytest-9.0.2, pluggy-1.6.0 -- E:\PycharmProjects\AI_webinar\venv\Scripts\python.exe
cachedir: .pytest_cache
rootdir: E:\PycharmProjects\AI_webinar\test_project
configfile: pytest.ini
plugins: anyio-4.12.1, asyncio-1.3.0, cov-7.0.0
asyncio: mode=Mode.AUTO, debug=False, asyncio_default_fixture_loop_scope=None, asyncio_default_test_loop_scope=function
collecting ... collected 0 items

============================ no tests ran in 0.01s ============================
